// Jest Snapshot v1, https://goo.gl/fbAQLP

exports[`it displays the website it updates the dom when calculator is clicked 1`] = `
<main>
  <div
    class="calcuText"
  >
    Let's do some math!
  </div>
  <div
    class="app"
  >
    <div
      class="display"
    >
      0
    </div>
    <div
      class="buttonPanel"
    >
      <div
        class="topButtons"
      >
        <button
          class=""
          type="button"
        >
          AC
        </button>
        <button
          class=""
          type="button"
        >
          +/-
        </button>
        <button
          class=""
          type="button"
        >
          %
        </button>
        <button
          class="orangeBg"
          type="button"
        >
          รท
        </button>
        <button
          class=""
          type="button"
        >
          7
        </button>
        <button
          class=""
          type="button"
        >
          8
        </button>
        <button
          class=""
          type="button"
        >
          9
        </button>
        <button
          class="orangeBg"
          type="button"
        >
          x
        </button>
        <button
          class=""
          type="button"
        >
          4
        </button>
        <button
          class=""
          type="button"
        >
          5
        </button>
        <button
          class=""
          type="button"
        >
          6
        </button>
        <button
          class="orangeBg"
          type="button"
        >
          -
        </button>
        <button
          class=""
          type="button"
        >
          1
        </button>
        <button
          class=""
          type="button"
        >
          2
        </button>
        <button
          class=""
          type="button"
        >
          3
        </button>
        <button
          class="orangeBg"
          type="button"
        >
          +
        </button>
      </div>
      <div
        class="buttomButtons"
      >
        <button
          class=""
          type="button"
        >
          0
        </button>
        <button
          class=""
          type="button"
        >
          .
        </button>
        <button
          class="orangeBg"
          type="button"
        >
          =
        </button>
      </div>
    </div>
  </div>
</main>
`;

exports[`it displays the website it updates the dom when home is clicked 1`] = `
<main>
  <h2>
    Welcome to our page!
  </h2>
  <p>
    Lorem ipsum dolor sit amet, consectetur adipisicing elit, sed do eiusmod tempor incididunt ut labore et dolore magna aliqua. Utenim ad minim veniam, quis nostrud exercitation ullamco laboris nisi ut aliquip ex ea commodo consequat. Duis aute irure dolor in reprehenderit in voluptate velit esse cillum dolore eu fugiat nulla pariatur. Excepteur sint occaecat cupidatat non proident, sunt in culpa qui o!cia deserunt mollit anim id est laborum. Ipsu
  </p>
  <p>
    Lorem ipsum dolor sit amet, consectetur adipisicing elit, sed do eiusmod tempor incididunt ut labore et dolore magna aliqua. Ut enim ad minim veniam, quis nostrud exercitation ullamco laboris nisi ut aliquip ex ea commodo consequat. Duis aute irure dolor in reprehenderit in voluptate velit esse cillum dolore eu fugiat nulla pariatur. Excepteur sint occaecat cupidatat non proident, sunt in culpa qui o!cia deserunt mollit anim id est laborum. Ipsu
  </p>
</main>
`;
